// Jest Snapshot v1, https://goo.gl/fbAQLP

exports[`Messages should render without any props defined 1`] = `<div />`;
